
> dayframe@0.1.0 build
> next build

Γû▓ Next.js 16.1.5 (Turbopack)
- Environments: .env

  Creating an optimized production build ...
Γ£ô Compiled successfully in 6.7s
  Running TypeScript ...
  Collecting page data using 11 workers ...
  Generating static pages using 11 workers (0/8) ...
  Generating static pages using 11 workers (2/8) 
  Generating static pages using 11 workers (4/8) 
  Generating static pages using 11 workers (6/8) 
Γ£ô Generating static pages using 11 workers (8/8) in 2.9s
  Finalizing page optimization ...

Route (app)
Γöî ╞Æ /
Γö£ ╞Æ /_not-found
Γö£ ╞Æ /api
Γö£ ╞Æ /dashboard
Γö£ ╞Æ /login
Γö£ ╞Æ /tasks
Γöö ╞Æ /user-profile


╞Æ Proxy (Middleware)

╞Æ  (Dynamic)  server-rendered on demand

